// Jest Snapshot v1, https://goo.gl/fbAQLP

exports[`AuthHoc component should should render correctly 1`] = `undefined`;
