// Jest Snapshot v1, https://goo.gl/fbAQLP

exports[`SubmitButton should render correctly 1`] = `
<div
  className="row"
>
  <input
    className="btn light-blue darken-4 col m4 offset-m4"
    disabled=""
    type="submit"
    value="submit"
  />
</div>
`;
